[
  [ 0] "tw-rounded-md",
  [ 1] "tw-inline-block",
  [ 2] "tw-cursor-pointer",
  [ 3] "hover:tw-bg-white",
  [ 4] "tw-bg-purple-500",
  [ 5] "tw-bg-indigo-500",
  [ 6] "tw-bg-emerald-500",
  [ 7] "tw-bg-rose-500",
  [ 8] "tw-bg-yellow-500",
  [ 9] "tw-bg-teal-500",
  [10] "tw-bg-gray-500",
  [11] "tw-text-white",
  [12] "hover:tw-bg-purple-600",
  [13] "hover:tw-bg-indigo-600",
  [14] "hover:tw-bg-emerald-600",
  [15] "hover:tw-bg-rose-600",
  [16] "hover:tw-bg-yellow-600",
  [17] "hover:tw-bg-teal-600",
  [18] "hover:tw-bg-gray-600",
  [19] "tw-border",
  [20] "tw-border-purple-500",
  [21] "tw-border-indigo-500",
  [22] "tw-border-emerald-500",
  [23] "tw-border-rose-500",
  [24] "tw-border-yellow-500",
  [25] "tw-border-teal-500",
  [26] "tw-border-gray-500",
  [27] "tw-text-purple-500",
  [28] "tw-text-indigo-500",
  [29] "tw-text-emerald-500",
  [30] "tw-text-rose-500",
  [31] "tw-text-yellow-500",
  [32] "tw-text-teal-500",
  [33] "tw-text-gray-500",
  [34] "hover:tw-bg-purple-500",
  [35] "hover:tw-bg-indigo-500",
  [36] "hover:tw-bg-emerald-500",
  [37] "hover:tw-bg-rose-500",
  [38] "hover:tw-bg-yellow-500",
  [39] "hover:tw-bg-teal-500",
  [40] "hover:tw-bg-gray-500",
  [41] "tw-text-purple-500",
  [42] "tw-text-indigo-500",
  [43] "tw-text-emerald-500",
  [44] "tw-text-rose-500",
  [45] "tw-text-yellow-500",
  [46] "tw-text-teal-500",
  [47] "tw-text-gray-500",
  [48] "hover:tw-text-purple-600",
  [49] "hover:tw-text-indigo-600",
  [50] "hover:tw-text-emerald-600",
  [51] "hover:tw-text-rose-600",
  [52] "hover:tw-text-yellow-600",
  [53] "hover:tw-text-teal-600",
  [54] "hover:tw-text-gray-600",
  [55] "tw-bg-purple-50",
  [56] "tw-bg-indigo-50",
  [57] "tw-bg-emerald-50",
  [58] "tw-bg-rose-50",
  [59] "tw-bg-yellow-50",
  [60] "tw-bg-teal-50",
  [61] "tw-bg-gray-50",
  [62] "tw-text-purple-500",
  [63] "tw-text-indigo-500",
  [64] "tw-text-emerald-500",
  [65] "tw-text-rose-500",
  [66] "tw-text-yellow-500",
  [67] "tw-text-teal-500",
  [68] "tw-text-gray-500",
  [69] "hover:tw-bg-purple-100",
  [70] "hover:tw-bg-indigo-100",
  [71] "hover:tw-bg-emerald-100",
  [72] "hover:tw-bg-rose-100",
  [73] "hover:tw-bg-yellow-100",
  [74] "hover:tw-bg-teal-100",
  [75] "hover:tw-bg-gray-100",
  [76] "tw-text-sm",
  [77] "tw-py-1",
  [78] "tw-px-2",
  [79] "tw-text-base",
  [80] "tw-py-2",
  [81] "tw-px-4",
  [82] "tw-text-lg",
  [83] "tw-py-3",
  [84] "tw-px-6"
]